19:19:34 **** Build of configuration Debug for project Beacon ****
make -j12 all 
arm-none-eabi-gcc "../Core/Src/freertos.c" -mcpu=cortex-m4 -std=gnu11 -g3 -DUSE_HAL_DRIVER -DSTM32L476xx -DDEBUG -c -I../Middlewares/Third_Party/FreeRTOS/Source/include -I../Middlewares/Third_Party/FreeRTOS/Source/portable/GCC/ARM_CM4F -I../Drivers/CMSIS/Include -I../Core/Inc -I../Drivers/CMSIS/Device/ST/STM32L4xx/Include -I../Drivers/STM32L4xx_HAL_Driver/Inc -I../Middlewares/Third_Party/FreeRTOS/Source/CMSIS_RTOS -I../Drivers/STM32L4xx_HAL_Driver/Inc/Legacy -O0 -ffunction-sections -fdata-sections -Wall -fstack-usage -MMD -MP -MF"Core/Src/freertos.d" -MT"Core/Src/freertos.o" --specs=nano.specs -mfpu=fpv4-sp-d16 -mfloat-abi=hard -mthumb -o "Core/Src/freertos.o"
../Core/Src/freertos.c: In function 'funcProcessaDados':
../Core/Src/freertos.c:275:8: warning: implicit declaration of function 'send_x_distance' [-Wimplicit-function-declaration]
        send_x_distance(dist_x);
        ^~~~~~~~~~~~~~~
../Core/Src/freertos.c:277:8: warning: implicit declaration of function 'send_y_distance' [-Wimplicit-function-declaration]
        send_y_distance(dist_y);
        ^~~~~~~~~~~~~~~
../Core/Src/freertos.c: At top level:
../Core/Src/freertos.c:315:6: warning: conflicting types for 'send_x_distance'
 void send_x_distance(uint32_t value_x){
      ^~~~~~~~~~~~~~~
../Core/Src/freertos.c:275:8: note: previous implicit declaration of 'send_x_distance' was here
        send_x_distance(dist_x);
        ^~~~~~~~~~~~~~~
../Core/Src/freertos.c:355:6: warning: conflicting types for 'send_y_distance'
 void send_y_distance(uint32_t value_y){
      ^~~~~~~~~~~~~~~
../Core/Src/freertos.c:277:8: note: previous implicit declaration of 'send_y_distance' was here
        send_y_distance(dist_y);
        ^~~~~~~~~~~~~~~
arm-none-eabi-gcc -o "Beacon.elf" @"objects.list"   -mcpu=cortex-m4 -T"C:\Users\danie\Downloads\Beacon\Beacon\STM32L476RGTX_FLASH.ld" --specs=nosys.specs -Wl,-Map="Beacon.map" -Wl,--gc-sections -static --specs=nano.specs -mfpu=fpv4-sp-d16 -mfloat-abi=hard -mthumb -Wl,--start-group -lc -lm -Wl,--end-group
Finished building target: Beacon.elf
 
arm-none-eabi-objdump -h -S  Beacon.elf  > "Beacon.list"
arm-none-eabi-objcopy  -O binary  Beacon.elf  "Beacon.bin"
arm-none-eabi-size   Beacon.elf 
   text	   data	    bss	    dec	    hex	filename
  40308	    128	  12008	  52444	   ccdc	Beacon.elf
Finished building: default.size.stdout
 
Finished building: Beacon.bin
 
Finished building: Beacon.list
 
21:50:56 **** Incremental Build of configuration Debug for project Beacon ****
make -j12 all 
arm-none-eabi-size   Beacon.elf 
   text	   data	    bss	    dec	    hex	filename
  40308	    128	  12008	  52444	   ccdc	Beacon.elf
Finished building: default.size.stdout
 
21:52:03 **** Incremental Build of configuration Debug for project Beacon ****
make -j12 all 
arm-none-eabi-size   Beacon.elf 
   text	   data	    bss	    dec	    hex	filename
  40308	    128	  12008	  52444	   ccdc	Beacon.elf
Finished building: default.size.stdout
 
21:52:16 **** Incremental Build of configuration Debug for project Beacon ****
make -j12 all 
arm-none-eabi-size   Beacon.elf 
   text	   data	    bss	    dec	    hex	filename
  40308	    128	  12008	  52444	   ccdc	Beacon.elf
Finished building: default.size.stdout
 
21:53:08 **** Incremental Build of configuration Debug for project Beacon ****
make -j12 all 
arm-none-eabi-size   Beacon.elf 
   text	   data	    bss	    dec	    hex	filename
  40308	    128	  12008	  52444	   ccdc	Beacon.elf
Finished building: default.size.stdout
 
22:06:14 **** Incremental Build of configuration Debug for project Beacon ****
make -j12 all 
arm-none-eabi-gcc "../Core/Src/freertos.c" -mcpu=cortex-m4 -std=gnu11 -g3 -DUSE_HAL_DRIVER -DSTM32L476xx -DDEBUG -c -I../Middlewares/Third_Party/FreeRTOS/Source/include -I../Middlewares/Third_Party/FreeRTOS/Source/portable/GCC/ARM_CM4F -I../Drivers/CMSIS/Include -I../Core/Inc -I../Drivers/CMSIS/Device/ST/STM32L4xx/Include -I../Drivers/STM32L4xx_HAL_Driver/Inc -I../Middlewares/Third_Party/FreeRTOS/Source/CMSIS_RTOS -I../Drivers/STM32L4xx_HAL_Driver/Inc/Legacy -O0 -ffunction-sections -fdata-sections -Wall -fstack-usage -MMD -MP -MF"Core/Src/freertos.d" -MT"Core/Src/freertos.o" --specs=nano.specs -mfpu=fpv4-sp-d16 -mfloat-abi=hard -mthumb -o "Core/Src/freertos.o"
../Core/Src/freertos.c: In function 'funcProcessaDados':
../Core/Src/freertos.c:275:8: warning: implicit declaration of function 'send_x_distance' [-Wimplicit-function-declaration]
        send_x_distance(dist_x);
        ^~~~~~~~~~~~~~~
../Core/Src/freertos.c:277:8: warning: implicit declaration of function 'send_y_distance' [-Wimplicit-function-declaration]
        send_y_distance(dist_y);
        ^~~~~~~~~~~~~~~
../Core/Src/freertos.c: At top level:
../Core/Src/freertos.c:315:6: warning: conflicting types for 'send_x_distance'
 void send_x_distance(uint32_t value_x){
      ^~~~~~~~~~~~~~~
../Core/Src/freertos.c:275:8: note: previous implicit declaration of 'send_x_distance' was here
        send_x_distance(dist_x);
        ^~~~~~~~~~~~~~~
../Core/Src/freertos.c:355:6: warning: conflicting types for 'send_y_distance'
 void send_y_distance(uint32_t value_y){
      ^~~~~~~~~~~~~~~
../Core/Src/freertos.c:277:8: note: previous implicit declaration of 'send_y_distance' was here
        send_y_distance(dist_y);
        ^~~~~~~~~~~~~~~
arm-none-eabi-gcc -o "Beacon.elf" @"objects.list"   -mcpu=cortex-m4 -T"C:\Users\danie\Downloads\Beacon\Beacon\STM32L476RGTX_FLASH.ld" --specs=nosys.specs -Wl,-Map="Beacon.map" -Wl,--gc-sections -static --specs=nano.specs -mfpu=fpv4-sp-d16 -mfloat-abi=hard -mthumb -Wl,--start-group -lc -lm -Wl,--end-group
Finished building target: Beacon.elf
 
arm-none-eabi-objdump -h -S  Beacon.elf  > "Beacon.list"
arm-none-eabi-objcopy  -O binary  Beacon.elf  "Beacon.bin"
arm-none-eabi-size   Beacon.elf 
   text	   data	    bss	    dec	    hex	filename
  40308	    128	  12008	  52444	   ccdc	Beacon.elf
Finished building: default.size.stdout
 
Finished building: Beacon.bin
 
Finished building: Beacon.list
 
22:09:54 **** Incremental Build of configuration Debug for project Beacon ****
make -j12 all 
arm-none-eabi-gcc "../Core/Src/freertos.c" -mcpu=cortex-m4 -std=gnu11 -g3 -DUSE_HAL_DRIVER -DSTM32L476xx -DDEBUG -c -I../Middlewares/Third_Party/FreeRTOS/Source/include -I../Middlewares/Third_Party/FreeRTOS/Source/portable/GCC/ARM_CM4F -I../Drivers/CMSIS/Include -I../Core/Inc -I../Drivers/CMSIS/Device/ST/STM32L4xx/Include -I../Drivers/STM32L4xx_HAL_Driver/Inc -I../Middlewares/Third_Party/FreeRTOS/Source/CMSIS_RTOS -I../Drivers/STM32L4xx_HAL_Driver/Inc/Legacy -O0 -ffunction-sections -fdata-sections -Wall -fstack-usage -MMD -MP -MF"Core/Src/freertos.d" -MT"Core/Src/freertos.o" --specs=nano.specs -mfpu=fpv4-sp-d16 -mfloat-abi=hard -mthumb -o "Core/Src/freertos.o"
../Core/Src/freertos.c: In function 'funcProcessaDados':
../Core/Src/freertos.c:275:8: warning: implicit declaration of function 'send_x_distance' [-Wimplicit-function-declaration]
        send_x_distance(dist_x);
        ^~~~~~~~~~~~~~~
../Core/Src/freertos.c:277:8: warning: implicit declaration of function 'send_y_distance' [-Wimplicit-function-declaration]
        send_y_distance(dist_y);
        ^~~~~~~~~~~~~~~
../Core/Src/freertos.c: At top level:
../Core/Src/freertos.c:315:6: warning: conflicting types for 'send_x_distance'
 void send_x_distance(uint32_t value_x){
      ^~~~~~~~~~~~~~~
../Core/Src/freertos.c:275:8: note: previous implicit declaration of 'send_x_distance' was here
        send_x_distance(dist_x);
        ^~~~~~~~~~~~~~~
../Core/Src/freertos.c:355:6: warning: conflicting types for 'send_y_distance'
 void send_y_distance(uint32_t value_y){
      ^~~~~~~~~~~~~~~
../Core/Src/freertos.c:277:8: note: previous implicit declaration of 'send_y_distance' was here
        send_y_distance(dist_y);
        ^~~~~~~~~~~~~~~
arm-none-eabi-gcc -o "Beacon.elf" @"objects.list"   -mcpu=cortex-m4 -T"C:\Users\danie\Downloads\Beacon\Beacon\STM32L476RGTX_FLASH.ld" --specs=nosys.specs -Wl,-Map="Beacon.map" -Wl,--gc-sections -static --specs=nano.specs -mfpu=fpv4-sp-d16 -mfloat-abi=hard -mthumb -Wl,--start-group -lc -lm -Wl,--end-group
Finished building target: Beacon.elf
 
arm-none-eabi-objdump -h -S  Beacon.elf  > "Beacon.list"
arm-none-eabi-objcopy  -O binary  Beacon.elf  "Beacon.bin"
arm-none-eabi-size   Beacon.elf 
   text	   data	    bss	    dec	    hex	filename
  40308	    128	  12008	  52444	   ccdc	Beacon.elf
Finished building: default.size.stdout
 
Finished building: Beacon.bin
 
Finished building: Beacon.list
 
22:15:54 **** Incremental Build of configuration Debug for project Beacon ****
make -j12 all 
arm-none-eabi-gcc "../Core/Src/freertos.c" -mcpu=cortex-m4 -std=gnu11 -g3 -DUSE_HAL_DRIVER -DSTM32L476xx -DDEBUG -c -I../Middlewares/Third_Party/FreeRTOS/Source/include -I../Middlewares/Third_Party/FreeRTOS/Source/portable/GCC/ARM_CM4F -I../Drivers/CMSIS/Include -I../Core/Inc -I../Drivers/CMSIS/Device/ST/STM32L4xx/Include -I../Drivers/STM32L4xx_HAL_Driver/Inc -I../Middlewares/Third_Party/FreeRTOS/Source/CMSIS_RTOS -I../Drivers/STM32L4xx_HAL_Driver/Inc/Legacy -O0 -ffunction-sections -fdata-sections -Wall -fstack-usage -MMD -MP -MF"Core/Src/freertos.d" -MT"Core/Src/freertos.o" --specs=nano.specs -mfpu=fpv4-sp-d16 -mfloat-abi=hard -mthumb -o "Core/Src/freertos.o"
../Core/Src/freertos.c: In function 'funcProcessaDados':
../Core/Src/freertos.c:275:8: warning: implicit declaration of function 'send_x_distance' [-Wimplicit-function-declaration]
        send_x_distance(dist_x);
        ^~~~~~~~~~~~~~~
../Core/Src/freertos.c:277:8: warning: implicit declaration of function 'send_y_distance' [-Wimplicit-function-declaration]
        send_y_distance(dist_y);
        ^~~~~~~~~~~~~~~
../Core/Src/freertos.c: At top level:
../Core/Src/freertos.c:315:6: warning: conflicting types for 'send_x_distance'
 void send_x_distance(uint32_t value_x){
      ^~~~~~~~~~~~~~~
../Core/Src/freertos.c:275:8: note: previous implicit declaration of 'send_x_distance' was here
        send_x_distance(dist_x);
        ^~~~~~~~~~~~~~~
../Core/Src/freertos.c:355:6: warning: conflicting types for 'send_y_distance'
 void send_y_distance(uint32_t value_y){
      ^~~~~~~~~~~~~~~
../Core/Src/freertos.c:277:8: note: previous implicit declaration of 'send_y_distance' was here
        send_y_distance(dist_y);
        ^~~~~~~~~~~~~~~
arm-none-eabi-gcc -o "Beacon.elf" @"objects.list"   -mcpu=cortex-m4 -T"C:\Users\danie\Downloads\Beacon\Beacon\STM32L476RGTX_FLASH.ld" --specs=nosys.specs -Wl,-Map="Beacon.map" -Wl,--gc-sections -static --specs=nano.specs -mfpu=fpv4-sp-d16 -mfloat-abi=hard -mthumb -Wl,--start-group -lc -lm -Wl,--end-group
Finished building target: Beacon.elf
 
arm-none-eabi-objdump -h -S  Beacon.elf  > "Beacon.list"
arm-none-eabi-objcopy  -O binary  Beacon.elf  "Beacon.bin"
arm-none-eabi-size   Beacon.elf 
   text	   data	    bss	    dec	    hex	filename
  40308	    128	  12008	  52444	   ccdc	Beacon.elf
Finished building: default.size.stdout
 
Finished building: Beacon.bin
 
Finished building: Beacon.list
 
22:22:09 **** Incremental Build of configuration Debug for project Beacon ****
make -j12 all 
arm-none-eabi-size   Beacon.elf 
   text	   data	    bss	    dec	    hex	filename
  40308	    128	  12008	  52444	   ccdc	Beacon.elf
Finished building: default.size.stdout
 
22:29:12 **** Incremental Build of configuration Debug for project Beacon ****
make -j12 all 
arm-none-eabi-gcc "../Core/Src/freertos.c" -mcpu=cortex-m4 -std=gnu11 -g3 -DUSE_HAL_DRIVER -DSTM32L476xx -DDEBUG -c -I../Middlewares/Third_Party/FreeRTOS/Source/include -I../Middlewares/Third_Party/FreeRTOS/Source/portable/GCC/ARM_CM4F -I../Drivers/CMSIS/Include -I../Core/Inc -I../Drivers/CMSIS/Device/ST/STM32L4xx/Include -I../Drivers/STM32L4xx_HAL_Driver/Inc -I../Middlewares/Third_Party/FreeRTOS/Source/CMSIS_RTOS -I../Drivers/STM32L4xx_HAL_Driver/Inc/Legacy -O0 -ffunction-sections -fdata-sections -Wall -fstack-usage -MMD -MP -MF"Core/Src/freertos.d" -MT"Core/Src/freertos.o" --specs=nano.specs -mfpu=fpv4-sp-d16 -mfloat-abi=hard -mthumb -o "Core/Src/freertos.o"
../Core/Src/freertos.c: In function 'funcProcessaDados':
../Core/Src/freertos.c:275:8: warning: implicit declaration of function 'send_x_distance' [-Wimplicit-function-declaration]
        send_x_distance(dist_x);
        ^~~~~~~~~~~~~~~
../Core/Src/freertos.c:277:8: warning: implicit declaration of function 'send_y_distance' [-Wimplicit-function-declaration]
        send_y_distance(dist_y);
        ^~~~~~~~~~~~~~~
../Core/Src/freertos.c: At top level:
../Core/Src/freertos.c:315:6: warning: conflicting types for 'send_x_distance'
 void send_x_distance(uint32_t value_x){
      ^~~~~~~~~~~~~~~
../Core/Src/freertos.c:275:8: note: previous implicit declaration of 'send_x_distance' was here
        send_x_distance(dist_x);
        ^~~~~~~~~~~~~~~
../Core/Src/freertos.c:355:6: warning: conflicting types for 'send_y_distance'
 void send_y_distance(uint32_t value_y){
      ^~~~~~~~~~~~~~~
../Core/Src/freertos.c:277:8: note: previous implicit declaration of 'send_y_distance' was here
        send_y_distance(dist_y);
        ^~~~~~~~~~~~~~~
arm-none-eabi-gcc -o "Beacon.elf" @"objects.list"   -mcpu=cortex-m4 -T"C:\Users\danie\Downloads\Beacon\Beacon\STM32L476RGTX_FLASH.ld" --specs=nosys.specs -Wl,-Map="Beacon.map" -Wl,--gc-sections -static --specs=nano.specs -mfpu=fpv4-sp-d16 -mfloat-abi=hard -mthumb -Wl,--start-group -lc -lm -Wl,--end-group
Finished building target: Beacon.elf
 
arm-none-eabi-objdump -h -S  Beacon.elf  > "Beacon.list"
arm-none-eabi-objcopy  -O binary  Beacon.elf  "Beacon.bin"
arm-none-eabi-size   Beacon.elf 
   text	   data	    bss	    dec	    hex	filename
  40332	    128	  12008	  52468	   ccf4	Beacon.elf
Finished building: default.size.stdout
 
Finished building: Beacon.bin
 
Finished building: Beacon.list
 
